Archive member included because of file (symbol)

c:/program files (x86)/gnu tools arm embedded/4.9 2015q1/bin/../lib/gcc/arm-none-eabi/4.9.3/../../../../arm-none-eabi/lib/armv7e-m/fpu\libg.a(lib_a-memcpy.o)
                              ..\obj\startup_stm32f4xx.o (memcpy)

Allocating common symbols
Common symbol       size              file

ADCConvertedValues  0x2               ..\obj\main.o

Discarded input sections

 .text          0x00000000        0x0 ..\obj\stm32f4xx_can.o
 .data          0x00000000        0x0 ..\obj\stm32f4xx_can.o
 .bss           0x00000000        0x0 ..\obj\stm32f4xx_can.o
 .text.CAN_DeInit
                0x00000000       0x3c ..\obj\stm32f4xx_can.o
 .text.CAN_Init
                0x00000000       0xec ..\obj\stm32f4xx_can.o
 .text.CAN_FilterInit
                0x00000000       0xf8 ..\obj\stm32f4xx_can.o
 .text.CAN_StructInit
                0x00000000       0x28 ..\obj\stm32f4xx_can.o
 .text.CAN_SlaveStartBank
                0x00000000       0x3c ..\obj\stm32f4xx_can.o
 .text.CAN_DBGFreeze
                0x00000000       0x14 ..\obj\stm32f4xx_can.o
 .text.CAN_TTComModeCmd
                0x00000000       0x5c ..\obj\stm32f4xx_can.o
 .text.CAN_Transmit
                0x00000000       0xd0 ..\obj\stm32f4xx_can.o
 .text.CAN_TransmitStatus
                0x00000000       0x50 ..\obj\stm32f4xx_can.o
 .text.CAN_CancelTransmit
                0x00000000       0x2c ..\obj\stm32f4xx_can.o
 .text.CAN_Receive
                0x00000000       0xa4 ..\obj\stm32f4xx_can.o
 .text.CAN_FIFORelease
                0x00000000       0x18 ..\obj\stm32f4xx_can.o
 .text.CAN_MessagePending
                0x00000000       0x18 ..\obj\stm32f4xx_can.o
 .text.CAN_OperatingModeRequest
                0x00000000       0xb4 ..\obj\stm32f4xx_can.o
 .text.CAN_Sleep
                0x00000000       0x20 ..\obj\stm32f4xx_can.o
 .text.CAN_WakeUp
                0x00000000       0x2c ..\obj\stm32f4xx_can.o
 .text.CAN_GetLastErrorCode
                0x00000000        0x8 ..\obj\stm32f4xx_can.o
 .text.CAN_GetReceiveErrorCounter
                0x00000000        0x8 ..\obj\stm32f4xx_can.o
 .text.CAN_GetLSBTransmitErrorCounter
                0x00000000        0x8 ..\obj\stm32f4xx_can.o
 .text.CAN_ITConfig
                0x00000000       0x14 ..\obj\stm32f4xx_can.o
 .text.CAN_GetFlagStatus
                0x00000000       0x54 ..\obj\stm32f4xx_can.o
 .text.CAN_ClearFlag
                0x00000000       0x30 ..\obj\stm32f4xx_can.o
 .text.CAN_GetITStatus
                0x00000000       0xe4 ..\obj\stm32f4xx_can.o
 .text.CAN_ClearITPendingBit
                0x00000000       0x8c ..\obj\stm32f4xx_can.o
 .debug_info    0x00000000      0xcaf ..\obj\stm32f4xx_can.o
 .debug_abbrev  0x00000000      0x29b ..\obj\stm32f4xx_can.o
 .debug_loc     0x00000000      0x8f3 ..\obj\stm32f4xx_can.o
 .debug_aranges
                0x00000000       0xd8 ..\obj\stm32f4xx_can.o
 .debug_ranges  0x00000000      0x150 ..\obj\stm32f4xx_can.o
 .debug_line    0x00000000      0x662 ..\obj\stm32f4xx_can.o
 .debug_str     0x00000000      0x78d ..\obj\stm32f4xx_can.o
 .comment       0x00000000       0x71 ..\obj\stm32f4xx_can.o
 .debug_frame   0x00000000      0x1f4 ..\obj\stm32f4xx_can.o
 .ARM.attributes
                0x00000000       0x39 ..\obj\stm32f4xx_can.o
 .text          0x00000000        0x0 ..\obj\startup_stm32f4xx.o
 .data          0x00000000        0x0 ..\obj\startup_stm32f4xx.o
 .bss           0x00000000        0x0 ..\obj\startup_stm32f4xx.o
 .text          0x00000000        0x0 ..\obj\stm32f4xx_iwdg.o
 .data          0x00000000        0x0 ..\obj\stm32f4xx_iwdg.o
 .bss           0x00000000        0x0 ..\obj\stm32f4xx_iwdg.o
 .text.IWDG_WriteAccessCmd
                0x00000000        0xc ..\obj\stm32f4xx_iwdg.o
 .text.IWDG_SetPrescaler
                0x00000000        0xc ..\obj\stm32f4xx_iwdg.o
 .text.IWDG_SetReload
                0x00000000        0xc ..\obj\stm32f4xx_iwdg.o
 .text.IWDG_ReloadCounter
                0x00000000       0x10 ..\obj\stm32f4xx_iwdg.o
 .text.IWDG_Enable
                0x00000000       0x10 ..\obj\stm32f4xx_iwdg.o
 .text.IWDG_GetFlagStatus
                0x00000000       0x14 ..\obj\stm32f4xx_iwdg.o
 .debug_info    0x00000000      0x209 ..\obj\stm32f4xx_iwdg.o
 .debug_abbrev  0x00000000      0x110 ..\obj\stm32f4xx_iwdg.o
 .debug_loc     0x00000000       0x62 ..\obj\stm32f4xx_iwdg.o
 .debug_aranges
                0x00000000       0x48 ..\obj\stm32f4xx_iwdg.o
 .debug_ranges  0x00000000       0x38 ..\obj\stm32f4xx_iwdg.o
 .debug_line    0x00000000      0x256 ..\obj\stm32f4xx_iwdg.o
 .debug_str     0x00000000      0x2a4 ..\obj\stm32f4xx_iwdg.o
 .comment       0x00000000       0x71 ..\obj\stm32f4xx_iwdg.o
 .debug_frame   0x00000000       0x70 ..\obj\stm32f4xx_iwdg.o
 .ARM.attributes
                0x00000000       0x39 ..\obj\stm32f4xx_iwdg.o
 .text          0x00000000        0x0 ..\obj\main.o
 .text.stateMashine
                0x00000000      0x158 ..\obj\main.o
 .text.setPWM   0x00000000       0x8c ..\obj\main.o
 .text          0x00000000        0x0 ..\obj\stm32f4xx_rcc.o
 .bss           0x00000000        0x0 ..\obj\stm32f4xx_rcc.o
 .text.RCC_DeInit
                0x00000000       0x34 ..\obj\stm32f4xx_rcc.o
 .text.RCC_HSEConfig
                0x00000000       0x10 ..\obj\stm32f4xx_rcc.o
 .text.RCC_WaitForHSEStartUp
                0x00000000       0x34 ..\obj\stm32f4xx_rcc.o
 .text.RCC_AdjustHSICalibrationValue
                0x00000000       0x14 ..\obj\stm32f4xx_rcc.o
 .text.RCC_HSICmd
                0x00000000        0xc ..\obj\stm32f4xx_rcc.o
 .text.RCC_LSEConfig
                0x00000000       0x20 ..\obj\stm32f4xx_rcc.o
 .text.RCC_LSICmd
                0x00000000        0xc ..\obj\stm32f4xx_rcc.o
 .text.RCC_PLLConfig
                0x00000000       0x24 ..\obj\stm32f4xx_rcc.o
 .text.RCC_PLLCmd
                0x00000000        0xc ..\obj\stm32f4xx_rcc.o
 .text.RCC_PLLI2SConfig
                0x00000000       0x14 ..\obj\stm32f4xx_rcc.o
 .text.RCC_PLLI2SCmd
                0x00000000        0xc ..\obj\stm32f4xx_rcc.o
 .text.RCC_ClockSecuritySystemCmd
                0x00000000        0xc ..\obj\stm32f4xx_rcc.o
 .text.RCC_MCO1Config
                0x00000000       0x14 ..\obj\stm32f4xx_rcc.o
 .text.RCC_MCO2Config
                0x00000000       0x14 ..\obj\stm32f4xx_rcc.o
 .text.RCC_SYSCLKConfig
                0x00000000       0x14 ..\obj\stm32f4xx_rcc.o
 .text.RCC_GetSYSCLKSource
                0x00000000       0x10 ..\obj\stm32f4xx_rcc.o
 .text.RCC_HCLKConfig
                0x00000000       0x14 ..\obj\stm32f4xx_rcc.o
 .text.RCC_PCLK1Config
                0x00000000       0x14 ..\obj\stm32f4xx_rcc.o
 .text.RCC_PCLK2Config
                0x00000000       0x14 ..\obj\stm32f4xx_rcc.o
 .text.RCC_RTCCLKConfig
                0x00000000       0x30 ..\obj\stm32f4xx_rcc.o
 .text.RCC_RTCCLKCmd
                0x00000000        0xc ..\obj\stm32f4xx_rcc.o
 .text.RCC_BackupResetCmd
                0x00000000        0xc ..\obj\stm32f4xx_rcc.o
 .text.RCC_I2SCLKConfig
                0x00000000        0xc ..\obj\stm32f4xx_rcc.o
 .text.RCC_AHB2PeriphClockCmd
                0x00000000       0x18 ..\obj\stm32f4xx_rcc.o
 .text.RCC_AHB3PeriphClockCmd
                0x00000000       0x18 ..\obj\stm32f4xx_rcc.o
 .text.RCC_AHB1PeriphResetCmd
                0x00000000       0x18 ..\obj\stm32f4xx_rcc.o
 .text.RCC_AHB2PeriphResetCmd
                0x00000000       0x18 ..\obj\stm32f4xx_rcc.o
 .text.RCC_AHB3PeriphResetCmd
                0x00000000       0x18 ..\obj\stm32f4xx_rcc.o
 .text.RCC_APB1PeriphResetCmd
                0x00000000       0x18 ..\obj\stm32f4xx_rcc.o
 .text.RCC_APB2PeriphResetCmd
                0x00000000       0x18 ..\obj\stm32f4xx_rcc.o
 .text.RCC_AHB1PeriphClockLPModeCmd
                0x00000000       0x18 ..\obj\stm32f4xx_rcc.o
 .text.RCC_AHB2PeriphClockLPModeCmd
                0x00000000       0x18 ..\obj\stm32f4xx_rcc.o
 .text.RCC_AHB3PeriphClockLPModeCmd
                0x00000000       0x18 ..\obj\stm32f4xx_rcc.o
 .text.RCC_APB1PeriphClockLPModeCmd
                0x00000000       0x18 ..\obj\stm32f4xx_rcc.o
 .text.RCC_APB2PeriphClockLPModeCmd
                0x00000000       0x18 ..\obj\stm32f4xx_rcc.o
 .text.RCC_ITConfig
                0x00000000       0x18 ..\obj\stm32f4xx_rcc.o
 .text.RCC_GetFlagStatus
                0x00000000       0x34 ..\obj\stm32f4xx_rcc.o
 .text.RCC_ClearFlag
                0x00000000       0x10 ..\obj\stm32f4xx_rcc.o
 .text.RCC_GetITStatus
                0x00000000       0x14 ..\obj\stm32f4xx_rcc.o
 .text.RCC_ClearITPendingBit
                0x00000000        0xc ..\obj\stm32f4xx_rcc.o
 .text          0x00000000        0x0 ..\obj\stm32f4xx_adc.o
 .data          0x00000000        0x0 ..\obj\stm32f4xx_adc.o
 .bss           0x00000000        0x0 ..\obj\stm32f4xx_adc.o
 .text.ADC_DeInit
                0x00000000       0x1c ..\obj\stm32f4xx_adc.o
 .text.ADC_StructInit
                0x00000000       0x14 ..\obj\stm32f4xx_adc.o
 .text.ADC_CommonStructInit
                0x00000000        0xc ..\obj\stm32f4xx_adc.o
 .text.ADC_AnalogWatchdogCmd
                0x00000000       0x10 ..\obj\stm32f4xx_adc.o
 .text.ADC_AnalogWatchdogThresholdsConfig
                0x00000000        0x8 ..\obj\stm32f4xx_adc.o
 .text.ADC_AnalogWatchdogSingleChannelConfig
                0x00000000        0xc ..\obj\stm32f4xx_adc.o
 .text.ADC_TempSensorVrefintCmd
                0x00000000       0x1c ..\obj\stm32f4xx_adc.o
 .text.ADC_VBATCmd
                0x00000000       0x1c ..\obj\stm32f4xx_adc.o
 .text.ADC_GetSoftwareStartConvStatus
                0x00000000        0x8 ..\obj\stm32f4xx_adc.o
 .text.ADC_EOCOnEachRegularChannelCmd
                0x00000000       0x14 ..\obj\stm32f4xx_adc.o
 .text.ADC_ContinuousModeCmd
                0x00000000       0x14 ..\obj\stm32f4xx_adc.o
 .text.ADC_DiscModeChannelCountConfig
                0x00000000       0x10 ..\obj\stm32f4xx_adc.o
 .text.ADC_DiscModeCmd
                0x00000000       0x14 ..\obj\stm32f4xx_adc.o
 .text.ADC_GetConversionValue
                0x00000000        0x8 ..\obj\stm32f4xx_adc.o
 .text.ADC_GetMultiModeConversionValue
                0x00000000        0xc ..\obj\stm32f4xx_adc.o
 .text.ADC_MultiModeDMARequestAfterLastTransferCmd
                0x00000000       0x1c ..\obj\stm32f4xx_adc.o
 .text.ADC_InjectedChannelConfig
                0x00000000       0x58 ..\obj\stm32f4xx_adc.o
 .text.ADC_InjectedSequencerLengthConfig
                0x00000000       0x10 ..\obj\stm32f4xx_adc.o
 .text.ADC_SetInjectedOffset
                0x00000000       0x18 ..\obj\stm32f4xx_adc.o
 .text.ADC_ExternalTrigInjectedConvConfig
                0x00000000        0xc ..\obj\stm32f4xx_adc.o
 .text.ADC_ExternalTrigInjectedConvEdgeConfig
                0x00000000        0xc ..\obj\stm32f4xx_adc.o
 .text.ADC_SoftwareStartInjectedConv
                0x00000000        0xc ..\obj\stm32f4xx_adc.o
 .text.ADC_GetSoftwareStartInjectedConvCmdStatus
                0x00000000        0x8 ..\obj\stm32f4xx_adc.o
 .text.ADC_AutoInjectedConvCmd
                0x00000000       0x14 ..\obj\stm32f4xx_adc.o
 .text.ADC_InjectedDiscModeCmd
                0x00000000       0x14 ..\obj\stm32f4xx_adc.o
 .text.ADC_GetInjectedConversionValue
                0x00000000       0x1c ..\obj\stm32f4xx_adc.o
 .text.ADC_ITConfig
                0x00000000       0x1c ..\obj\stm32f4xx_adc.o
 .text.ADC_GetFlagStatus
                0x00000000        0xc ..\obj\stm32f4xx_adc.o
 .text.ADC_ClearFlag
                0x00000000        0x8 ..\obj\stm32f4xx_adc.o
 .text.ADC_GetITStatus
                0x00000000       0x1c ..\obj\stm32f4xx_adc.o
 .text.ADC_ClearITPendingBit
                0x00000000        0x8 ..\obj\stm32f4xx_adc.o
 .text          0x00000000        0x0 ..\obj\stm32f4xx_gpio.o
 .data          0x00000000        0x0 ..\obj\stm32f4xx_gpio.o
 .bss           0x00000000        0x0 ..\obj\stm32f4xx_gpio.o
 .text.GPIO_DeInit
                0x00000000      0x118 ..\obj\stm32f4xx_gpio.o
 .text.GPIO_StructInit
                0x00000000       0x14 ..\obj\stm32f4xx_gpio.o
 .text.GPIO_PinLockConfig
                0x00000000       0x24 ..\obj\stm32f4xx_gpio.o
 .text.GPIO_ReadInputData
                0x00000000        0x8 ..\obj\stm32f4xx_gpio.o
 .text.GPIO_ReadOutputDataBit
                0x00000000        0xc ..\obj\stm32f4xx_gpio.o
 .text.GPIO_ReadOutputData
                0x00000000        0x8 ..\obj\stm32f4xx_gpio.o
 .text.GPIO_WriteBit
                0x00000000        0xc ..\obj\stm32f4xx_gpio.o
 .text.GPIO_Write
                0x00000000        0x4 ..\obj\stm32f4xx_gpio.o
 .text.GPIO_ToggleBits
                0x00000000        0x8 ..\obj\stm32f4xx_gpio.o
 .text          0x00000000        0x0 ..\obj\stm32f4xx_flash.o
 .data          0x00000000        0x0 ..\obj\stm32f4xx_flash.o
 .bss           0x00000000        0x0 ..\obj\stm32f4xx_flash.o
 .text.FLASH_SetLatency
                0x00000000        0xc ..\obj\stm32f4xx_flash.o
 .text.FLASH_PrefetchBufferCmd
                0x00000000       0x1c ..\obj\stm32f4xx_flash.o
 .text.FLASH_InstructionCacheCmd
                0x00000000       0x1c ..\obj\stm32f4xx_flash.o
 .text.FLASH_DataCacheCmd
                0x00000000       0x1c ..\obj\stm32f4xx_flash.o
 .text.FLASH_InstructionCacheReset
                0x00000000       0x10 ..\obj\stm32f4xx_flash.o
 .text.FLASH_DataCacheReset
                0x00000000       0x10 ..\obj\stm32f4xx_flash.o
 .text.FLASH_Unlock
                0x00000000       0x20 ..\obj\stm32f4xx_flash.o
 .text.FLASH_Lock
                0x00000000       0x10 ..\obj\stm32f4xx_flash.o
 .text.FLASH_EraseSector
                0x00000000      0x188 ..\obj\stm32f4xx_flash.o
 .text.FLASH_EraseAllSectors
                0x00000000      0x16c ..\obj\stm32f4xx_flash.o
 .text.FLASH_ProgramDoubleWord
                0x00000000      0x15c ..\obj\stm32f4xx_flash.o
 .text.FLASH_ProgramWord
                0x00000000      0x15c ..\obj\stm32f4xx_flash.o
 .text.FLASH_ProgramHalfWord
                0x00000000      0x15c ..\obj\stm32f4xx_flash.o
 .text.FLASH_ProgramByte
                0x00000000      0x158 ..\obj\stm32f4xx_flash.o
 .text.FLASH_OB_Unlock
                0x00000000       0x20 ..\obj\stm32f4xx_flash.o
 .text.FLASH_OB_Lock
                0x00000000       0x10 ..\obj\stm32f4xx_flash.o
 .text.FLASH_OB_WRPConfig
                0x00000000       0xb8 ..\obj\stm32f4xx_flash.o
 .text.FLASH_OB_RDPConfig
                0x00000000       0xa0 ..\obj\stm32f4xx_flash.o
 .text.FLASH_OB_UserConfig
                0x00000000       0xb4 ..\obj\stm32f4xx_flash.o
 .text.FLASH_OB_BORConfig
                0x00000000       0x18 ..\obj\stm32f4xx_flash.o
 .text.FLASH_OB_Launch
                0x00000000       0xa4 ..\obj\stm32f4xx_flash.o
 .text.FLASH_OB_GetUser
                0x00000000       0x10 ..\obj\stm32f4xx_flash.o
 .text.FLASH_OB_GetWRP
                0x00000000        0xc ..\obj\stm32f4xx_flash.o
 .text.FLASH_OB_GetRDP
                0x00000000       0x10 ..\obj\stm32f4xx_flash.o
 .text.FLASH_OB_GetBOR
                0x00000000       0x10 ..\obj\stm32f4xx_flash.o
 .text.FLASH_ITConfig
                0x00000000       0x18 ..\obj\stm32f4xx_flash.o
 .text.FLASH_GetFlagStatus
                0x00000000       0x14 ..\obj\stm32f4xx_flash.o
 .text.FLASH_ClearFlag
                0x00000000        0xc ..\obj\stm32f4xx_flash.o
 .text.FLASH_GetStatus
                0x00000000       0x34 ..\obj\stm32f4xx_flash.o
 .text.FLASH_WaitForLastOperation
                0x00000000       0x98 ..\obj\stm32f4xx_flash.o
 .debug_info    0x00000000      0xff0 ..\obj\stm32f4xx_flash.o
 .debug_abbrev  0x00000000      0x213 ..\obj\stm32f4xx_flash.o
 .debug_loc     0x00000000     0x1187 ..\obj\stm32f4xx_flash.o
 .debug_aranges
                0x00000000      0x108 ..\obj\stm32f4xx_flash.o
 .debug_ranges  0x00000000      0x790 ..\obj\stm32f4xx_flash.o
 .debug_line    0x00000000      0x8f9 ..\obj\stm32f4xx_flash.o
 .debug_str     0x00000000      0x5ca ..\obj\stm32f4xx_flash.o
 .comment       0x00000000       0x71 ..\obj\stm32f4xx_flash.o
 .debug_frame   0x00000000      0x2f4 ..\obj\stm32f4xx_flash.o
 .ARM.attributes
                0x00000000       0x39 ..\obj\stm32f4xx_flash.o
 .text          0x00000000        0x0 ..\obj\system_stm32f4xx.o
 .bss           0x00000000        0x0 ..\obj\system_stm32f4xx.o
 .text.SystemCoreClockUpdate
                0x00000000       0x74 ..\obj\system_stm32f4xx.o
 .text          0x00000000        0x0 ..\obj\stm32f4xx_dma.o
 .data          0x00000000        0x0 ..\obj\stm32f4xx_dma.o
 .bss           0x00000000        0x0 ..\obj\stm32f4xx_dma.o
 .text.DMA_StructInit
                0x00000000       0x24 ..\obj\stm32f4xx_dma.o
 .text.DMA_PeriphIncOffsetSizeConfig
                0x00000000       0x14 ..\obj\stm32f4xx_dma.o
 .text.DMA_FlowControllerConfig
                0x00000000       0x14 ..\obj\stm32f4xx_dma.o
 .text.DMA_SetCurrDataCounter
                0x00000000        0x4 ..\obj\stm32f4xx_dma.o
 .text.DMA_GetCurrDataCounter
                0x00000000        0x8 ..\obj\stm32f4xx_dma.o
 .text.DMA_DoubleBufferModeConfig
                0x00000000       0x18 ..\obj\stm32f4xx_dma.o
 .text.DMA_DoubleBufferModeCmd
                0x00000000       0x14 ..\obj\stm32f4xx_dma.o
 .text.DMA_MemoryTargetConfig
                0x00000000        0xc ..\obj\stm32f4xx_dma.o
 .text.DMA_GetCurrentMemoryTarget
                0x00000000        0x8 ..\obj\stm32f4xx_dma.o
 .text.DMA_GetCmdStatus
                0x00000000        0x8 ..\obj\stm32f4xx_dma.o
 .text.DMA_GetFIFOStatus
                0x00000000        0x8 ..\obj\stm32f4xx_dma.o
 .text.DMA_GetFlagStatus
                0x00000000       0x3c ..\obj\stm32f4xx_dma.o
 .text.DMA_ClearFlag
                0x00000000       0x34 ..\obj\stm32f4xx_dma.o
 .text.DMA_ITConfig
                0x00000000       0x40 ..\obj\stm32f4xx_dma.o
 .text.DMA_GetITStatus
                0x00000000       0x50 ..\obj\stm32f4xx_dma.o
 .text.DMA_ClearITPendingBit
                0x00000000       0x34 ..\obj\stm32f4xx_dma.o
 .text          0x00000000        0x0 ..\obj\stm32f4xx_tim.o
 .data          0x00000000        0x0 ..\obj\stm32f4xx_tim.o
 .bss           0x00000000        0x0 ..\obj\stm32f4xx_tim.o
 .text.TIM_DeInit
                0x00000000      0x1b8 ..\obj\stm32f4xx_tim.o
 .text.TIM_TimeBaseStructInit
                0x00000000       0x14 ..\obj\stm32f4xx_tim.o
 .text.TIM_PrescalerConfig
                0x00000000        0x8 ..\obj\stm32f4xx_tim.o
 .text.TIM_CounterModeConfig
                0x00000000       0x10 ..\obj\stm32f4xx_tim.o
 .text.TIM_SetCounter
                0x00000000        0x4 ..\obj\stm32f4xx_tim.o
 .text.TIM_SetAutoreload
                0x00000000        0x4 ..\obj\stm32f4xx_tim.o
 .text.TIM_GetCounter
                0x00000000        0x4 ..\obj\stm32f4xx_tim.o
 .text.TIM_GetPrescaler
                0x00000000        0x8 ..\obj\stm32f4xx_tim.o
 .text.TIM_UpdateDisableConfig
                0x00000000       0x1c ..\obj\stm32f4xx_tim.o
 .text.TIM_UpdateRequestConfig
                0x00000000       0x1c ..\obj\stm32f4xx_tim.o
 .text.TIM_ARRPreloadConfig
                0x00000000       0x1c ..\obj\stm32f4xx_tim.o
 .text.TIM_SelectOnePulseMode
                0x00000000       0x18 ..\obj\stm32f4xx_tim.o
 .text.TIM_SetClockDivision
                0x00000000       0x18 ..\obj\stm32f4xx_tim.o
 .text.TIM_OC3Init
                0x00000000       0x90 ..\obj\stm32f4xx_tim.o
 .text.TIM_OC4Init
                0x00000000       0x74 ..\obj\stm32f4xx_tim.o
 .text.TIM_OCStructInit
                0x00000000       0x14 ..\obj\stm32f4xx_tim.o
 .text.TIM_SelectOCxM
                0x00000000       0x50 ..\obj\stm32f4xx_tim.o
 .text.TIM_SetCompare1
                0x00000000        0x4 ..\obj\stm32f4xx_tim.o
 .text.TIM_SetCompare2
                0x00000000        0x4 ..\obj\stm32f4xx_tim.o
 .text.TIM_SetCompare3
                0x00000000        0x4 ..\obj\stm32f4xx_tim.o
 .text.TIM_SetCompare4
                0x00000000        0x4 ..\obj\stm32f4xx_tim.o
 .text.TIM_ForcedOC1Config
                0x00000000       0x10 ..\obj\stm32f4xx_tim.o
 .text.TIM_ForcedOC2Config
                0x00000000       0x14 ..\obj\stm32f4xx_tim.o
 .text.TIM_ForcedOC3Config
                0x00000000       0x10 ..\obj\stm32f4xx_tim.o
 .text.TIM_ForcedOC4Config
                0x00000000       0x14 ..\obj\stm32f4xx_tim.o
 .text.TIM_OC3PreloadConfig
                0x00000000       0x10 ..\obj\stm32f4xx_tim.o
 .text.TIM_OC4PreloadConfig
                0x00000000       0x14 ..\obj\stm32f4xx_tim.o
 .text.TIM_OC1FastConfig
                0x00000000       0x10 ..\obj\stm32f4xx_tim.o
 .text.TIM_OC2FastConfig
                0x00000000       0x14 ..\obj\stm32f4xx_tim.o
 .text.TIM_OC3FastConfig
                0x00000000       0x10 ..\obj\stm32f4xx_tim.o
 .text.TIM_OC4FastConfig
                0x00000000       0x14 ..\obj\stm32f4xx_tim.o
 .text.TIM_ClearOC1Ref
                0x00000000       0x10 ..\obj\stm32f4xx_tim.o
 .text.TIM_ClearOC2Ref
                0x00000000       0x10 ..\obj\stm32f4xx_tim.o
 .text.TIM_ClearOC3Ref
                0x00000000       0x10 ..\obj\stm32f4xx_tim.o
 .text.TIM_ClearOC4Ref
                0x00000000       0x10 ..\obj\stm32f4xx_tim.o
 .text.TIM_OC1PolarityConfig
                0x00000000       0x10 ..\obj\stm32f4xx_tim.o
 .text.TIM_OC1NPolarityConfig
                0x00000000       0x10 ..\obj\stm32f4xx_tim.o
 .text.TIM_OC2PolarityConfig
                0x00000000       0x14 ..\obj\stm32f4xx_tim.o
 .text.TIM_OC2NPolarityConfig
                0x00000000       0x14 ..\obj\stm32f4xx_tim.o
 .text.TIM_OC3PolarityConfig
                0x00000000       0x14 ..\obj\stm32f4xx_tim.o
 .text.TIM_OC3NPolarityConfig
                0x00000000       0x14 ..\obj\stm32f4xx_tim.o
 .text.TIM_OC4PolarityConfig
                0x00000000       0x14 ..\obj\stm32f4xx_tim.o
 .text.TIM_CCxCmd
                0x00000000       0x20 ..\obj\stm32f4xx_tim.o
 .text.TIM_CCxNCmd
                0x00000000       0x20 ..\obj\stm32f4xx_tim.o
 .text.TIM_ICInit
                0x00000000      0x168 ..\obj\stm32f4xx_tim.o
 .text.TIM_ICStructInit
                0x00000000       0x10 ..\obj\stm32f4xx_tim.o
 .text.TIM_PWMIConfig
                0x00000000      0x15c ..\obj\stm32f4xx_tim.o
 .text.TIM_GetCapture1
                0x00000000        0x4 ..\obj\stm32f4xx_tim.o
 .text.TIM_GetCapture2
                0x00000000        0x4 ..\obj\stm32f4xx_tim.o
 .text.TIM_GetCapture3
                0x00000000        0x4 ..\obj\stm32f4xx_tim.o
 .text.TIM_GetCapture4
                0x00000000        0x4 ..\obj\stm32f4xx_tim.o
 .text.TIM_SetIC1Prescaler
                0x00000000       0x18 ..\obj\stm32f4xx_tim.o
 .text.TIM_SetIC2Prescaler
                0x00000000       0x1c ..\obj\stm32f4xx_tim.o
 .text.TIM_SetIC3Prescaler
                0x00000000       0x18 ..\obj\stm32f4xx_tim.o
 .text.TIM_SetIC4Prescaler
                0x00000000       0x1c ..\obj\stm32f4xx_tim.o
 .text.TIM_BDTRConfig
                0x00000000       0x28 ..\obj\stm32f4xx_tim.o
 .text.TIM_BDTRStructInit
                0x00000000       0x14 ..\obj\stm32f4xx_tim.o
 .text.TIM_SelectCOM
                0x00000000       0x1c ..\obj\stm32f4xx_tim.o
 .text.TIM_CCPreloadControl
                0x00000000       0x1c ..\obj\stm32f4xx_tim.o
 .text.TIM_ITConfig
                0x00000000       0x14 ..\obj\stm32f4xx_tim.o
 .text.TIM_GenerateEvent
                0x00000000        0x4 ..\obj\stm32f4xx_tim.o
 .text.TIM_GetFlagStatus
                0x00000000        0xc ..\obj\stm32f4xx_tim.o
 .text.TIM_ClearFlag
                0x00000000        0x8 ..\obj\stm32f4xx_tim.o
 .text.TIM_GetITStatus
                0x00000000       0x18 ..\obj\stm32f4xx_tim.o
 .text.TIM_ClearITPendingBit
                0x00000000        0x8 ..\obj\stm32f4xx_tim.o
 .text.TIM_DMAConfig
                0x00000000        0x8 ..\obj\stm32f4xx_tim.o
 .text.TIM_DMACmd
                0x00000000       0x14 ..\obj\stm32f4xx_tim.o
 .text.TIM_SelectCCDMA
                0x00000000       0x1c ..\obj\stm32f4xx_tim.o
 .text.TIM_InternalClockConfig
                0x00000000       0x10 ..\obj\stm32f4xx_tim.o
 .text.TIM_ITRxExternalClockConfig
                0x00000000       0x1c ..\obj\stm32f4xx_tim.o
 .text.TIM_TIxExternalClockConfig
                0x00000000       0x88 ..\obj\stm32f4xx_tim.o
 .text.TIM_ETRClockMode1Config
                0x00000000       0x28 ..\obj\stm32f4xx_tim.o
 .text.TIM_ETRClockMode2Config
                0x00000000       0x24 ..\obj\stm32f4xx_tim.o
 .text.TIM_SelectInputTrigger
                0x00000000       0x10 ..\obj\stm32f4xx_tim.o
 .text.TIM_SelectOutputTrigger
                0x00000000       0x18 ..\obj\stm32f4xx_tim.o
 .text.TIM_SelectSlaveMode
                0x00000000       0x18 ..\obj\stm32f4xx_tim.o
 .text.TIM_SelectMasterSlaveMode
                0x00000000       0x18 ..\obj\stm32f4xx_tim.o
 .text.TIM_ETRConfig
                0x00000000       0x18 ..\obj\stm32f4xx_tim.o
 .text.TIM_EncoderInterfaceConfig
                0x00000000       0x40 ..\obj\stm32f4xx_tim.o
 .text.TIM_SelectHallSensor
                0x00000000       0x1c ..\obj\stm32f4xx_tim.o
 .text.TIM_RemapConfig
                0x00000000        0x8 ..\obj\stm32f4xx_tim.o
 .data          0x00000000        0x0 c:/program files (x86)/gnu tools arm embedded/4.9 2015q1/bin/../lib/gcc/arm-none-eabi/4.9.3/../../../../arm-none-eabi/lib/armv7e-m/fpu\libg.a(lib_a-memcpy.o)
 .bss           0x00000000        0x0 c:/program files (x86)/gnu tools arm embedded/4.9 2015q1/bin/../lib/gcc/arm-none-eabi/4.9.3/../../../../arm-none-eabi/lib/armv7e-m/fpu\libg.a(lib_a-memcpy.o)

Memory Configuration

Name             Origin             Length             Attributes
rom              0x08000000         0x00100000         xr
ram              0x20000000         0x00020000         xrw
ram1             0x10000000         0x00010000         xrw
*default*        0x00000000         0xffffffff

Linker script and memory map

                0x20020000                _eram = 0x20020000

.text           0x08000000     0x1168
 *(.isr_vector)
 .isr_vector    0x08000000      0x188 ..\obj\startup_stm32f4xx.o
                0x08000000                g_pfnVectors
 *(.text*)
 .text.Default_Handler
                0x08000188        0x4 ..\obj\startup_stm32f4xx.o
                0x08000188                RTC_Alarm_IRQHandler
                0x08000188                HASH_RNG_IRQHandler
                0x08000188                EXTI2_IRQHandler
                0x08000188                TIM8_CC_IRQHandler
                0x08000188                DebugMon_Handler
                0x08000188                TIM1_CC_IRQHandler
                0x08000188                DMA2_Stream5_IRQHandler
                0x08000188                HardFault_Handler
                0x08000188                DMA1_Stream5_IRQHandler
                0x08000188                PVD_IRQHandler
                0x08000188                SDIO_IRQHandler
                0x08000188                TAMP_STAMP_IRQHandler
                0x08000188                PendSV_Handler
                0x08000188                NMI_Handler
                0x08000188                CAN2_RX1_IRQHandler
                0x08000188                EXTI3_IRQHandler
                0x08000188                TIM8_TRG_COM_TIM14_IRQHandler
                0x08000188                TIM1_UP_TIM10_IRQHandler
                0x08000188                TIM8_UP_TIM13_IRQHandler
                0x08000188                I2C3_ER_IRQHandler
                0x08000188                EXTI0_IRQHandler
                0x08000188                I2C2_EV_IRQHandler
                0x08000188                DMA1_Stream2_IRQHandler
                0x08000188                CAN1_RX0_IRQHandler
                0x08000188                FPU_IRQHandler
                0x08000188                OTG_HS_WKUP_IRQHandler
                0x08000188                UsageFault_Handler
                0x08000188                CAN2_SCE_IRQHandler
                0x08000188                DMA2_Stream2_IRQHandler
                0x08000188                SPI1_IRQHandler
                0x08000188                TIM6_DAC_IRQHandler
                0x08000188                TIM1_BRK_TIM9_IRQHandler
                0x08000188                DCMI_IRQHandler
                0x08000188                CAN2_RX0_IRQHandler
                0x08000188                DMA2_Stream3_IRQHandler
                0x08000188                USART6_IRQHandler
                0x08000188                USART3_IRQHandler
                0x08000188                CRYP_IRQHandler
                0x08000188                CAN1_RX1_IRQHandler
                0x08000188                UART5_IRQHandler
                0x08000188                DMA2_Stream0_IRQHandler
                0x08000188                TIM4_IRQHandler
                0x08000188                I2C1_EV_IRQHandler
                0x08000188                DMA1_Stream6_IRQHandler
                0x08000188                DMA1_Stream1_IRQHandler
                0x08000188                UART4_IRQHandler
                0x08000188                TIM3_IRQHandler
                0x08000188                RCC_IRQHandler
                0x08000188                TIM8_BRK_TIM12_IRQHandler
                0x08000188                EXTI15_10_IRQHandler
                0x08000188                ADC_IRQHandler
                0x08000188                DMA1_Stream7_IRQHandler
                0x08000188                TIM7_IRQHandler
                0x08000188                CAN2_TX_IRQHandler
                0x08000188                TIM5_IRQHandler
                0x08000188                DMA2_Stream7_IRQHandler
                0x08000188                I2C3_EV_IRQHandler
                0x08000188                EXTI9_5_IRQHandler
                0x08000188                RTC_WKUP_IRQHandler
                0x08000188                ETH_WKUP_IRQHandler
                0x08000188                SPI2_IRQHandler
                0x08000188                OTG_HS_EP1_IN_IRQHandler
                0x08000188                MemManage_Handler
                0x08000188                DMA1_Stream0_IRQHandler
                0x08000188                CAN1_TX_IRQHandler
                0x08000188                SVC_Handler
                0x08000188                EXTI4_IRQHandler
                0x08000188                FSMC_IRQHandler
                0x08000188                ETH_IRQHandler
                0x08000188                OTG_HS_EP1_OUT_IRQHandler
                0x08000188                WWDG_IRQHandler
                0x08000188                TIM2_IRQHandler
                0x08000188                OTG_FS_WKUP_IRQHandler
                0x08000188                TIM1_TRG_COM_TIM11_IRQHandler
                0x08000188                OTG_HS_IRQHandler
                0x08000188                EXTI1_IRQHandler
                0x08000188                USART2_IRQHandler
                0x08000188                I2C2_ER_IRQHandler
                0x08000188                DMA2_Stream1_IRQHandler
                0x08000188                CAN1_SCE_IRQHandler
                0x08000188                FLASH_IRQHandler
                0x08000188                DMA2_Stream4_IRQHandler
                0x08000188                BusFault_Handler
                0x08000188                USART1_IRQHandler
                0x08000188                OTG_FS_IRQHandler
                0x08000188                SPI3_IRQHandler
                0x08000188                DMA1_Stream4_IRQHandler
                0x08000188                I2C1_ER_IRQHandler
                0x08000188                DMA2_Stream6_IRQHandler
                0x08000188                DMA1_Stream3_IRQHandler
 .text.Default_Reset_Handler
                0x0800018c       0x58 ..\obj\startup_stm32f4xx.o
                0x0800018c                Default_Reset_Handler
                0x0800018c                Reset_Handler
 .text.GPIOinit
                0x080001e4      0x15c ..\obj\main.o
                0x080001e4                GPIOinit
 .text.Timinit  0x08000340       0x74 ..\obj\main.o
                0x08000340                Timinit
 .text.Analoginit
                0x080003b4       0xe8 ..\obj\main.o
                0x080003b4                Analoginit
 .text.startup.main
                0x0800049c       0xe0 ..\obj\main.o
                0x0800049c                main
 .text.Werteladen
                0x0800057c       0xac ..\obj\main.o
                0x0800057c                Werteladen
 .text.SysTick_Handler
                0x08000628      0x230 ..\obj\main.o
                0x08000628                SysTick_Handler
 .text.RCC_GetClocksFreq
                0x08000858       0x98 ..\obj\stm32f4xx_rcc.o
                0x08000858                RCC_GetClocksFreq
 .text.RCC_AHB1PeriphClockCmd
                0x080008f0       0x18 ..\obj\stm32f4xx_rcc.o
                0x080008f0                RCC_AHB1PeriphClockCmd
 .text.RCC_APB1PeriphClockCmd
                0x08000908       0x18 ..\obj\stm32f4xx_rcc.o
                0x08000908                RCC_APB1PeriphClockCmd
 .text.RCC_APB2PeriphClockCmd
                0x08000920       0x18 ..\obj\stm32f4xx_rcc.o
                0x08000920                RCC_APB2PeriphClockCmd
 .text.ADC_Init
                0x08000938       0x50 ..\obj\stm32f4xx_adc.o
                0x08000938                ADC_Init
 .text.ADC_CommonInit
                0x08000988       0x28 ..\obj\stm32f4xx_adc.o
                0x08000988                ADC_CommonInit
 .text.ADC_Cmd  0x080009b0       0x14 ..\obj\stm32f4xx_adc.o
                0x080009b0                ADC_Cmd
 .text.ADC_RegularChannelConfig
                0x080009c4       0x8c ..\obj\stm32f4xx_adc.o
                0x080009c4                ADC_RegularChannelConfig
 .text.ADC_SoftwareStartConv
                0x08000a50        0xc ..\obj\stm32f4xx_adc.o
                0x08000a50                ADC_SoftwareStartConv
 .text.ADC_DMACmd
                0x08000a5c       0x14 ..\obj\stm32f4xx_adc.o
                0x08000a5c                ADC_DMACmd
 .text.ADC_DMARequestAfterLastTransferCmd
                0x08000a70       0x14 ..\obj\stm32f4xx_adc.o
                0x08000a70                ADC_DMARequestAfterLastTransferCmd
 .text.GPIO_Init
                0x08000a84       0xb4 ..\obj\stm32f4xx_gpio.o
                0x08000a84                GPIO_Init
 .text.GPIO_ReadInputDataBit
                0x08000b38        0xc ..\obj\stm32f4xx_gpio.o
                0x08000b38                GPIO_ReadInputDataBit
 .text.GPIO_SetBits
                0x08000b44        0x4 ..\obj\stm32f4xx_gpio.o
                0x08000b44                GPIO_SetBits
 .text.GPIO_ResetBits
                0x08000b48        0x4 ..\obj\stm32f4xx_gpio.o
                0x08000b48                GPIO_ResetBits
 .text.GPIO_PinAFConfig
                0x08000b4c       0x28 ..\obj\stm32f4xx_gpio.o
                0x08000b4c                GPIO_PinAFConfig
 .text.SystemInit
                0x08000b74      0x100 ..\obj\system_stm32f4xx.o
                0x08000b74                SystemInit
 .text.DMA_DeInit
                0x08000c74      0x130 ..\obj\stm32f4xx_dma.o
                0x08000c74                DMA_DeInit
 .text.DMA_Init
                0x08000da4       0x70 ..\obj\stm32f4xx_dma.o
                0x08000da4                DMA_Init
 .text.DMA_Cmd  0x08000e14       0x14 ..\obj\stm32f4xx_dma.o
                0x08000e14                DMA_Cmd
 .text.TIM_TimeBaseInit
                0x08000e28       0x98 ..\obj\stm32f4xx_tim.o
                0x08000e28                TIM_TimeBaseInit
 .text.TIM_Cmd  0x08000ec0       0x1c ..\obj\stm32f4xx_tim.o
                0x08000ec0                TIM_Cmd
 .text.TIM_OC1Init
                0x08000edc       0x84 ..\obj\stm32f4xx_tim.o
                0x08000edc                TIM_OC1Init
 .text.TIM_OC2Init
                0x08000f60       0x90 ..\obj\stm32f4xx_tim.o
                0x08000f60                TIM_OC2Init
 .text.TIM_OC1PreloadConfig
                0x08000ff0       0x10 ..\obj\stm32f4xx_tim.o
                0x08000ff0                TIM_OC1PreloadConfig
 .text.TIM_OC2PreloadConfig
                0x08001000       0x14 ..\obj\stm32f4xx_tim.o
                0x08001000                TIM_OC2PreloadConfig
 .text.TIM_CtrlPWMOutputs
                0x08001014       0x20 ..\obj\stm32f4xx_tim.o
                0x08001014                TIM_CtrlPWMOutputs
 .text          0x08001034      0x134 c:/program files (x86)/gnu tools arm embedded/4.9 2015q1/bin/../lib/gcc/arm-none-eabi/4.9.3/../../../../arm-none-eabi/lib/armv7e-m/fpu\libg.a(lib_a-memcpy.o)
                0x08001034                memcpy
 *(.init)
 *(.fini)
 *crtbegin.o(.ctors)
 *crtbegin?.o(.ctors)
 *(EXCLUDE_FILE(*crtend.o *crtend?.o) .ctors)
 *(SORT(.ctors.*))
 *(.ctors)
 *crtbegin.o(.dtors)
 *crtbegin?.o(.dtors)
 *(EXCLUDE_FILE(*crtend.o *crtend?.o) .dtors)
 *(SORT(.dtors.*))
 *(.dtors)
 *(.rodata*)
 *(.eh_fram e*)

.glue_7         0x08001168        0x0
 .glue_7        0x00000000        0x0 linker stubs

.glue_7t        0x08001168        0x0
 .glue_7t       0x00000000        0x0 linker stubs

.vfp11_veneer   0x08001168        0x0
 .vfp11_veneer  0x00000000        0x0 linker stubs

.v4_bx          0x08001168        0x0
 .v4_bx         0x00000000        0x0 linker stubs

.iplt           0x08001168        0x0
 .iplt          0x00000000        0x0 ..\obj\stm32f4xx_can.o

.rel.dyn        0x08001168        0x0
 .rel.iplt      0x00000000        0x0 ..\obj\stm32f4xx_can.o

.ARM.extab
 *(.ARM.extab* .gnu.linkonce.armextab.*)
                0x08001168                __exidx_start = .

.ARM.exidx
 *(.ARM.exidx* .gnu.linkonce.armexidx.*)
                0x08001168                __exidx_end = .
                0x08001168                __etext = .
                0x08001168                _sidata = __etext

.data           0x20000000       0x30 load address 0x08001168
                0x20000000                __data_start__ = .
                0x20000000                _sdata = __data_start__
 *(vtable)
 *(.data*)
 .data          0x20000000        0xc ..\obj\main.o
 .data          0x2000000c       0x10 ..\obj\stm32f4xx_rcc.o
 .data          0x2000001c       0x14 ..\obj\system_stm32f4xx.o
                0x2000001c                AHBPrescTable
                0x2000002c                SystemCoreClock
                0x20000030                . = ALIGN (0x4)
                0x20000030                PROVIDE (__preinit_array_start, .)
 *(.preinit_array)
                0x20000030                PROVIDE (__preinit_array_end, .)
                0x20000030                . = ALIGN (0x4)
                0x20000030                PROVIDE (__init_array_start, .)
 *(SORT(.init_array.*))
 *(.init_array)
                0x20000030                PROVIDE (__init_array_end, .)
                0x20000030                . = ALIGN (0x4)
                0x20000030                PROVIDE (__fini_array_start, .)
 *(SORT(.fini_array.*))
 *(.fini_array)
                0x20000030                PROVIDE (__fini_array_end, .)
 *(.jcr*)
                0x20000030                . = ALIGN (0x4)
                0x20000030                __data_end__ = .
                0x20000030                _edata = __data_end__

.igot.plt       0x20000030        0x0 load address 0x08001198
 .igot.plt      0x00000000        0x0 ..\obj\stm32f4xx_can.o

.bss            0x20000030       0x1c load address 0x08001198
                0x20000030                . = ALIGN (0x4)
                0x20000030                __bss_start__ = .
                0x20000030                _sbss = __bss_start__
 *(.bss*)
 .bss           0x20000030       0x18 ..\obj\main.o
 *(COMMON)
 COMMON         0x20000048        0x2 ..\obj\main.o
                0x20000048                ADCConvertedValues
                0x2000004c                . = ALIGN (0x4)
 *fill*         0x2000004a        0x2 
                0x2000004c                __bss_end__ = .
                0x2000004c                _ebss = __bss_end__

.heap           0x2000004c        0x0
                0x2000004c                __end__ = .
                0x2000004c                _end = __end__
                0x2000004c                end = __end__
 *(.heap*)
                0x2000004c                __HeapLimit = .

.co_stack       0x2000004c      0x804 load address 0x080011b4
                0x20000050                . = ALIGN (0x8)
 *fill*         0x2000004c        0x4 
 *(.co_stack .co_stack.*)
 .co_stack      0x20000050      0x800 ..\obj\startup_stm32f4xx.o
                0x20000050                pulStack
                0x20020000                __StackTop = (ORIGIN (ram) + 0x20000)
                0x2001f7fc                __StackLimit = (__StackTop - SIZEOF (.co_stack))
                0x20020000                PROVIDE (__stack, __StackTop)
                0x00000001                ASSERT ((__StackLimit >= __HeapLimit), region ram  overflowed with stack)
LOAD ..\obj\stm32f4xx_can.o
LOAD ..\obj\startup_stm32f4xx.o
LOAD ..\obj\stm32f4xx_iwdg.o
LOAD ..\obj\main.o
LOAD ..\obj\stm32f4xx_rcc.o
LOAD ..\obj\stm32f4xx_adc.o
LOAD ..\obj\stm32f4xx_gpio.o
LOAD ..\obj\stm32f4xx_flash.o
LOAD ..\obj\system_stm32f4xx.o
LOAD ..\obj\stm32f4xx_dma.o
LOAD ..\obj\stm32f4xx_tim.o
START GROUP
LOAD c:/program files (x86)/gnu tools arm embedded/4.9 2015q1/bin/../lib/gcc/arm-none-eabi/4.9.3/armv7e-m/fpu\libgcc.a
LOAD c:/program files (x86)/gnu tools arm embedded/4.9 2015q1/bin/../lib/gcc/arm-none-eabi/4.9.3/../../../../arm-none-eabi/lib/armv7e-m/fpu\libg.a
LOAD c:/program files (x86)/gnu tools arm embedded/4.9 2015q1/bin/../lib/gcc/arm-none-eabi/4.9.3/../../../../arm-none-eabi/lib/armv7e-m/fpu\libc.a
END GROUP
OUTPUT(Shifter.elf elf32-littlearm)

.debug_info     0x00000000     0x6f9b
 .debug_info    0x00000000      0x131 ..\obj\startup_stm32f4xx.o
 .debug_info    0x00000131     0x1b5c ..\obj\main.o
 .debug_info    0x00001c8d      0xcf9 ..\obj\stm32f4xx_rcc.o
 .debug_info    0x00002986      0xc88 ..\obj\stm32f4xx_adc.o
 .debug_info    0x0000360e      0x7d6 ..\obj\stm32f4xx_gpio.o
 .debug_info    0x00003de4      0x5b3 ..\obj\system_stm32f4xx.o
 .debug_info    0x00004397      0x73b ..\obj\stm32f4xx_dma.o
 .debug_info    0x00004ad2     0x24c9 ..\obj\stm32f4xx_tim.o

.debug_abbrev   0x00000000      0xfd9
 .debug_abbrev  0x00000000      0x10b ..\obj\startup_stm32f4xx.o
 .debug_abbrev  0x0000010b      0x326 ..\obj\main.o
 .debug_abbrev  0x00000431      0x287 ..\obj\stm32f4xx_rcc.o
 .debug_abbrev  0x000006b8      0x1cc ..\obj\stm32f4xx_adc.o
 .debug_abbrev  0x00000884      0x1f6 ..\obj\stm32f4xx_gpio.o
 .debug_abbrev  0x00000a7a      0x15d ..\obj\system_stm32f4xx.o
 .debug_abbrev  0x00000bd7      0x173 ..\obj\stm32f4xx_dma.o
 .debug_abbrev  0x00000d4a      0x28f ..\obj\stm32f4xx_tim.o

.debug_aranges  0x00000000      0x778
 .debug_aranges
                0x00000000       0x28 ..\obj\startup_stm32f4xx.o
 .debug_aranges
                0x00000028       0x58 ..\obj\main.o
 .debug_aranges
                0x00000080      0x178 ..\obj\stm32f4xx_rcc.o
 .debug_aranges
                0x000001f8      0x148 ..\obj\stm32f4xx_adc.o
 .debug_aranges
                0x00000340       0x88 ..\obj\stm32f4xx_gpio.o
 .debug_aranges
                0x000003c8       0x28 ..\obj\system_stm32f4xx.o
 .debug_aranges
                0x000003f0       0xb0 ..\obj\stm32f4xx_dma.o
 .debug_aranges
                0x000004a0      0x2d8 ..\obj\stm32f4xx_tim.o

.debug_ranges   0x00000000      0x8b0
 .debug_ranges  0x00000000       0x18 ..\obj\startup_stm32f4xx.o
 .debug_ranges  0x00000018      0x120 ..\obj\main.o
 .debug_ranges  0x00000138      0x188 ..\obj\stm32f4xx_rcc.o
 .debug_ranges  0x000002c0      0x138 ..\obj\stm32f4xx_adc.o
 .debug_ranges  0x000003f8       0x78 ..\obj\stm32f4xx_gpio.o
 .debug_ranges  0x00000470       0x30 ..\obj\system_stm32f4xx.o
 .debug_ranges  0x000004a0       0xa0 ..\obj\stm32f4xx_dma.o
 .debug_ranges  0x00000540      0x370 ..\obj\stm32f4xx_tim.o

.debug_line     0x00000000     0x2a32
 .debug_line    0x00000000       0xb1 ..\obj\startup_stm32f4xx.o
 .debug_line    0x000000b1      0x611 ..\obj\main.o
 .debug_line    0x000006c2      0x60f ..\obj\stm32f4xx_rcc.o
 .debug_line    0x00000cd1      0x5f6 ..\obj\stm32f4xx_adc.o
 .debug_line    0x000012c7      0x3fe ..\obj\stm32f4xx_gpio.o
 .debug_line    0x000016c5      0x21a ..\obj\system_stm32f4xx.o
 .debug_line    0x000018df      0x4a7 ..\obj\stm32f4xx_dma.o
 .debug_line    0x00001d86      0xcac ..\obj\stm32f4xx_tim.o

.debug_str      0x00000000     0x2a82
 .debug_str     0x00000000      0x179 ..\obj\startup_stm32f4xx.o
                                0x18b (size before relaxing)
 .debug_str     0x00000179     0x1090 ..\obj\main.o
                               0x1198 (size before relaxing)
 .debug_str     0x00001209      0x5bb ..\obj\stm32f4xx_rcc.o
                                0x888 (size before relaxing)
 .debug_str     0x000017c4      0x496 ..\obj\stm32f4xx_adc.o
                                0x853 (size before relaxing)
 .debug_str     0x00001c5a      0x16b ..\obj\stm32f4xx_gpio.o
                                0x502 (size before relaxing)
 .debug_str     0x00001dc5       0xbe ..\obj\system_stm32f4xx.o
                                0x3e2 (size before relaxing)
 .debug_str     0x00001e83      0x25a ..\obj\stm32f4xx_dma.o
                                0x57a (size before relaxing)
 .debug_str     0x000020dd      0x9a5 ..\obj\stm32f4xx_tim.o
                                0xe36 (size before relaxing)

.comment        0x00000000       0x70
 .comment       0x00000000       0x70 ..\obj\startup_stm32f4xx.o
                                 0x71 (size before relaxing)
 .comment       0x00000000       0x71 ..\obj\main.o
 .comment       0x00000000       0x71 ..\obj\stm32f4xx_rcc.o
 .comment       0x00000000       0x71 ..\obj\stm32f4xx_adc.o
 .comment       0x00000000       0x71 ..\obj\stm32f4xx_gpio.o
 .comment       0x00000000       0x71 ..\obj\system_stm32f4xx.o
 .comment       0x00000000       0x71 ..\obj\stm32f4xx_dma.o
 .comment       0x00000000       0x71 ..\obj\stm32f4xx_tim.o

.ARM.attributes
                0x00000000       0x37
 .ARM.attributes
                0x00000000       0x39 ..\obj\startup_stm32f4xx.o
 .ARM.attributes
                0x00000039       0x39 ..\obj\main.o
 .ARM.attributes
                0x00000072       0x39 ..\obj\stm32f4xx_rcc.o
 .ARM.attributes
                0x000000ab       0x39 ..\obj\stm32f4xx_adc.o
 .ARM.attributes
                0x000000e4       0x39 ..\obj\stm32f4xx_gpio.o
 .ARM.attributes
                0x0000011d       0x39 ..\obj\system_stm32f4xx.o
 .ARM.attributes
                0x00000156       0x39 ..\obj\stm32f4xx_dma.o
 .ARM.attributes
                0x0000018f       0x39 ..\obj\stm32f4xx_tim.o
 .ARM.attributes
                0x000001c8       0x20 c:/program files (x86)/gnu tools arm embedded/4.9 2015q1/bin/../lib/gcc/arm-none-eabi/4.9.3/../../../../arm-none-eabi/lib/armv7e-m/fpu\libg.a(lib_a-memcpy.o)

.debug_frame    0x00000000     0x11a0
 .debug_frame   0x00000000       0x3c ..\obj\startup_stm32f4xx.o
 .debug_frame   0x0000003c      0x140 ..\obj\main.o
 .debug_frame   0x0000017c      0x2f0 ..\obj\stm32f4xx_rcc.o
 .debug_frame   0x0000046c      0x2e4 ..\obj\stm32f4xx_adc.o
 .debug_frame   0x00000750      0x164 ..\obj\stm32f4xx_gpio.o
 .debug_frame   0x000008b4       0x3c ..\obj\system_stm32f4xx.o
 .debug_frame   0x000008f0      0x1b8 ..\obj\stm32f4xx_dma.o
 .debug_frame   0x00000aa8      0x6f8 ..\obj\stm32f4xx_tim.o

.debug_loc      0x00000000     0x400a
 .debug_loc     0x00000000      0x189 ..\obj\main.o
 .debug_loc     0x00000189      0xb7a ..\obj\stm32f4xx_rcc.o
 .debug_loc     0x00000d03      0xa81 ..\obj\stm32f4xx_adc.o
 .debug_loc     0x00001784      0x386 ..\obj\stm32f4xx_gpio.o
 .debug_loc     0x00001b0a      0x13f ..\obj\system_stm32f4xx.o
 .debug_loc     0x00001c49      0x480 ..\obj\stm32f4xx_dma.o
 .debug_loc     0x000020c9     0x1f41 ..\obj\stm32f4xx_tim.o
